#-----------------------------------------------------------
# Vivado v2022.2 (64-bit)
# SW Build 3671981 on Fri Oct 14 04:59:54 MDT 2022
# IP Build 3669848 on Fri Oct 14 08:30:02 MDT 2022
# Start of session at: Wed Apr  9 14:09:11 2025
# Process ID: 748658
# Current directory: /home/chenchingwen/Course2025/SoC/labA/RTL_Verification/lab1
# Command line: vivado -mode batch -source run_hls.tcl
# Log file: /home/chenchingwen/Course2025/SoC/labA/RTL_Verification/lab1/vivado.log
# Journal file: /home/chenchingwen/Course2025/SoC/labA/RTL_Verification/lab1/vivado.jou
# Running On: ubuntu, OS: Linux, CPU Frequency: 2700.000 MHz, CPU Physical cores: 14, Host memory: 16440 MB
#-----------------------------------------------------------
source run_hls.tcl
# open_project -help
open_project

Description: 
Open a Vivado project file (.xpr)

Syntax: 
open_project  [-part <arg>] [-read_only] [-quiet] [-verbose] <file>

Returns: 
opened project object

Usage: 
  Name          Description
  -------------------------
  [-part]       Open the project using this part (overrides project's part)
  [-read_only]  Open the project in read-only mode
  [-quiet]      Ignore command errors
  [-verbose]    Suspend message limits during command execution
  <file>        Project file to be read

Categories: 
Project

Description:

  Opens the specified Vivado Design Suite project file (.xpr), or the project
  file for the Vivado Lab Edition (.lpr).

  Note: The open_project command has a different command syntax in the Vivado
  Lab Edition. The -part option is not supported because the Vivado Lab
  Edition project (.lpr) does not specify a target part. The
  current_hw_target and current_hw_device commands determine the target part.

  This command returns a transcript of its process and the name of the
  created project, or returns an error if it fails.

Arguments:

  -part <arg> - (Optional) Specify a target part to use when opening the
  project. This option lets you change the speed grade of the part used by a
  saved project, or change early availability parts for production parts of
  the same device and package. This option is not supported in Vivado Lab
  Edition.

  Note: The use of -part is limited in terms of the range of parts that can
  be used, and can result in an error when opening the project if an
  incompatible part is specified.

  -read_only - (Optional) Open the project in read only mode. You will not be
  able to save any modifications to the project unless you use the
  save_project_as command to save the project to a new editable project.

  -quiet - (Optional) Execute the command quietly, returning no messages from
  the command. The command also returns TCL_OK regardless of any errors
  encountered during execution.

  Note: Any errors encountered on the command-line, while launching the
  command, will be returned. Only errors occurring inside the command will be
  trapped.

  -verbose - (Optional) Temporarily override any message limits and return
  all messages from this command.

  Note: Message limits can be defined with the set_msg_config command.

  <file> - (Required) The project file to open. You must include both the
  path to the file and the .xpr file extension.

Examples:

  The following example opens the project named my_project1 located in the
  Designs directory.

    open_project C:/Designs/project1.xpr  
    

  Note: The project must be specified with the .xpr extension for the tool to
  recognize it as a project file. The path to the file must be specified
  along with the project file name or the tool will return an error that it
  cannot find the specified file.

See Also:

   *  close_project
   *  create_project
   *  current_hw_device
   *  current_hw_target
   *  current_project
# open_project	-reset duc_prj
ERROR: [Common 17-170] Unknown option '-reset', please type 'open_project -help' for usage info.
INFO: [Common 17-206] Exiting Vivado at Wed Apr  9 14:09:16 2025...
