
****** Vitis HLS - High-Level Synthesis from C, C++ and OpenCL v2022.2 (64-bit)
  **** SW Build 3670227 on Oct 13 2022
  **** IP Build 3669848 on Fri Oct 14 08:30:02 MDT 2022
    ** Copyright 1986-2022 Xilinx, Inc. All Rights Reserved.

source /tools/Xilinx/Vitis_HLS/2022.2/scripts/vitis_hls/hls.tcl -notrace
INFO: [HLS 200-10] Running '/tools/Xilinx/Vitis_HLS/2022.2/bin/unwrapped/lnx64.o/vitis_hls'
INFO: [HLS 200-10] For user 'chingwen' on host 'chingwen-TRX50-AERO-D' (Linux_x86_64 version 5.15.0-139-generic) on Tue Jun 10 01:21:19 CST 2025
INFO: [HLS 200-10] On os Ubuntu 20.04.6 LTS
INFO: [HLS 200-10] In directory '/home/chingwen/Project/aahls/Final/SDSoC-Benchmarks/SpMV/spmvf_naive_sdx/src'
Sourcing Tcl script 'run_hls.sh'
INFO: [HLS 200-1510] Running: open_project naive_hls 
INFO: [HLS 200-10] Creating and opening project '/home/chingwen/Project/aahls/Final/SDSoC-Benchmarks/SpMV/spmvf_naive_sdx/src/naive_hls'.
INFO: [HLS 200-1510] Running: set_top spmv_accel 
INFO: [HLS 200-1510] Running: add_files src/spmv_kernel.cpp 
WARNING: [HLS 200-40] Cannot find design file 'src/spmv_kernel.cpp'
INFO: [HLS 200-1510] Running: add_files src/spmv_kernel.h 
WARNING: [HLS 200-40] Cannot find design file 'src/spmv_kernel.h'
INFO: [HLS 200-1510] Running: add_files -tb src/spmv_tb.cpp 
WARNING: [HLS 200-40] Cannot find test bench file 'src/spmv_tb.cpp'
INFO: [HLS 200-1510] Running: open_solution solution1 -flow_target vitis 
INFO: [HLS 200-10] Creating and opening solution '/home/chingwen/Project/aahls/Final/SDSoC-Benchmarks/SpMV/spmvf_naive_sdx/src/naive_hls/solution1'.
INFO: [HLS 200-1505] Using flow_target 'vitis'
Resolution: For help on HLS 200-1505 see www.xilinx.com/cgi-bin/docs/rdoc?v=2022.2;t=hls+guidance;d=200-1505.html
INFO: [HLS 200-435] Setting 'open_solution -flow_target vitis' configuration: config_interface -m_axi_latency=64
INFO: [HLS 200-435] Setting 'open_solution -flow_target vitis' configuration: config_interface -m_axi_alignment_byte_size=64
INFO: [HLS 200-435] Setting 'open_solution -flow_target vitis' configuration: config_interface -m_axi_max_widen_bitwidth=512
INFO: [HLS 200-435] Setting 'open_solution -flow_target vitis' configuration: config_rtl -register_reset_num=3
INFO: [HLS 200-1510] Running: set_part xcu280-fsvh2892-2L-e 
INFO: [HLS 200-1611] Setting target device to 'xcu280-fsvh2892-2L-e'
INFO: [HLS 200-1510] Running: create_clock -period 3.33 -name default 
INFO: [SYN 201-201] Setting up clock 'default' with a period of 3.33ns.
INFO: [HLS 200-1510] Running: config_export -format xo -rtl verilog -output ./spmv_kernel.xo 
INFO: [HLS 200-1510] Running: csynth_design 
Running Dispatch Server on port: 40655
WARNING: [HLS 200-40] Cannot find source file src/spmv_kernel.h; skipping it.
WARNING: [HLS 200-40] Cannot find source file src/spmv_kernel.cpp; skipping it.
INFO: [HLS 200-111] Finished File checks and directory preparation: CPU user time: 0.01 seconds. CPU system time: 0.01 seconds. Elapsed time: 10.03 seconds; current allocated memory: 754.223 MB.
INFO: [HLS 200-111] Finished Source Code Analysis and Preprocessing: CPU user time: 0 seconds. CPU system time: 0 seconds. Elapsed time: 0 seconds; current allocated memory: 754.223 MB.
ERROR: [HLS 200-70] Cannot find any design unit to elaborate.
INFO: [HLS 200-111] Finished Command csynth_design CPU user time: 0 seconds. CPU system time: 0 seconds. Elapsed time: 0 seconds; current allocated memory: 0.000 MB.
Error in linking the design.
    while executing
"source run_hls.sh"
    ("uplevel" body line 1)
    invoked from within
"uplevel \#0 [list source $arg] "

INFO: [HLS 200-112] Total CPU user time: 1.15 seconds. Total CPU system time: 0.41 seconds. Total elapsed time: 11.5 seconds; peak allocated memory: 754.223 MB.
INFO: [Common 17-206] Exiting vitis_hls at Tue Jun 10 01:21:30 2025...
