Wed Mar 19 15:08:27 2025: Server was asked to start on port: '41239'
Wed Mar 19 15:08:27 2025: Server is using token UUID: 'f2dbb602-2c46-476b-b41d-5a126fb116eb'
Wed Mar 19 15:08:27 2025: Attempting to start server on port '41239'
Wed Mar 19 15:08:27 2025: XRC main fifo: created main fifo '/tmp/xrcmainf2dbb602-2c46-476b-b41d-5a126fb116eb', fd read = 11
Wed Mar 19 15:08:27 2025: Running Rule Check Server
Wed Mar 19 15:08:27 2025: Version 1.6.1
Wed Mar 19 15:08:28 2025: Rule Check Server: Accepted socket connection from client
Wed Mar 19 15:08:28 2025: EXCHANGE_TOKEN received, server token: f2dbb602-2c46-476b-b41d-5a126fb116eb, passed token: f2dbb602-2c46-476b-b41d-5a126fb116eb
Wed Mar 19 15:24:39 2025: SESSION_MGR: creating session with session uuid: '9b17503f-a39c-48f8-95e9-bbb542bba88a' and name 'Emulation-SW'
Wed Mar 19 15:25:08 2025: SESSION_MGR: closing session for UUID '9b17503f-a39c-48f8-95e9-bbb542bba88a' with name 'Emulation-SW'
Wed Mar 19 15:25:48 2025: SESSION_MGR: creating session with session uuid: '7ac021cc-9911-44d8-8b08-ba197c62e913' and name 'Emulation-SW'
Wed Mar 19 15:25:48 2025: SESSION_MGR: closing session for UUID '7ac021cc-9911-44d8-8b08-ba197c62e913' with name 'Emulation-SW'
Wed Mar 19 15:25:48 2025: SESSION_MGR: creating session with session uuid: '2cb5f615-0fb5-47c3-9871-a0c44a3711ac' and name 'Emulation-SW'
Wed Mar 19 15:26:04 2025: SESSION_MGR: closing session for UUID '2cb5f615-0fb5-47c3-9871-a0c44a3711ac' with name 'Emulation-SW'
Wed Mar 19 15:26:22 2025: SESSION_MGR: creating session with session uuid: '692b513b-768b-4ea0-a1b9-11ef17a5e86b' and name 'Emulation-SW'
Wed Mar 19 15:26:25 2025: SESSION_MGR: closing session for UUID '692b513b-768b-4ea0-a1b9-11ef17a5e86b' with name 'Emulation-SW'
Wed Mar 19 15:27:32 2025: SESSION_MGR: creating session with session uuid: 'b8724f68-347e-4d6a-85c4-7c1c0843f41c' and name 'Emulation-SW'
Wed Mar 19 15:27:32 2025: SESSION_MGR: closing session for UUID 'b8724f68-347e-4d6a-85c4-7c1c0843f41c' with name 'Emulation-SW'
Wed Mar 19 15:27:33 2025: SESSION_MGR: creating session with session uuid: '8364602e-acf4-4179-b174-f5b06df0773d' and name 'Emulation-SW'
Wed Mar 19 15:27:33 2025: SESSION_MGR: closing session for UUID '8364602e-acf4-4179-b174-f5b06df0773d' with name 'Emulation-SW'
Wed Mar 19 15:27:33 2025: SESSION_MGR: creating session with session uuid: 'c48090d7-a9eb-4a49-9728-33e23262d356' and name 'Emulation-SW'
Wed Mar 19 15:27:33 2025: SESSION_MGR: closing session for UUID 'c48090d7-a9eb-4a49-9728-33e23262d356' with name 'Emulation-SW'
Wed Mar 19 15:39:04 2025: SESSION_MGR: creating session with session uuid: 'e3f7ead4-2b8a-4da4-8679-a75e64e955cb' and name 'SystemDebugger_vitis_Opt1Baseline_system_vitis_Opt1Baseline'
Wed Mar 19 15:39:05 2025: SESSION_MGR: closing session for UUID 'e3f7ead4-2b8a-4da4-8679-a75e64e955cb' with name 'SystemDebugger_vitis_Opt1Baseline_system_vitis_Opt1Baseline'
Wed Mar 19 15:47:10 2025: SESSION_MGR: creating session with session uuid: 'e76e68a9-ec71-48a6-926c-5a67795766e0' and name 'SystemDebugger_vitis_Opt1Baseline_system_vitis_Opt1Baseline'
Wed Mar 19 15:47:10 2025: SESSION_MGR: closing session for UUID 'e76e68a9-ec71-48a6-926c-5a67795766e0' with name 'SystemDebugger_vitis_Opt1Baseline_system_vitis_Opt1Baseline'
Wed Mar 19 15:47:48 2025: SESSION_MGR: creating session with session uuid: 'd53f32f6-d499-45d8-9cd9-0dac786738a5' and name 'SystemDebugger_vitis_Opt1Baseline_system_vitis_Opt1Baseline'
Wed Mar 19 15:47:48 2025: SESSION_MGR: closing session for UUID 'd53f32f6-d499-45d8-9cd9-0dac786738a5' with name 'SystemDebugger_vitis_Opt1Baseline_system_vitis_Opt1Baseline'
Wed Mar 19 15:48:50 2025: SESSION_MGR: creating session with session uuid: '9d51e9d4-d8d1-4763-96cc-a7f7956490cf' and name 'SystemDebugger_vitis_Opt1Baseline_system_vitis_Opt1Baseline'
Wed Mar 19 15:48:51 2025: SESSION_MGR: closing session for UUID '9d51e9d4-d8d1-4763-96cc-a7f7956490cf' with name 'SystemDebugger_vitis_Opt1Baseline_system_vitis_Opt1Baseline'
Wed Mar 19 15:55:13 2025: SESSION_MGR: creating session with session uuid: '74e48015-c346-4e9c-8150-4c814f4723ac' and name 'SystemDebugger_vitis_Opt1Baseline_system_vitis_Opt1Baseline'
Wed Mar 19 15:55:14 2025: SESSION_MGR: closing session for UUID '74e48015-c346-4e9c-8150-4c814f4723ac' with name 'SystemDebugger_vitis_Opt1Baseline_system_vitis_Opt1Baseline'
Wed Mar 19 15:55:29 2025: SESSION_MGR: creating session with session uuid: '85e28d89-2f7c-4ac3-b7f7-8454ff153b26' and name 'SystemDebugger_vitis_Opt1Baseline_system_vitis_Opt1Baseline'
Wed Mar 19 15:55:30 2025: SESSION_MGR: closing session for UUID '85e28d89-2f7c-4ac3-b7f7-8454ff153b26' with name 'SystemDebugger_vitis_Opt1Baseline_system_vitis_Opt1Baseline'
Wed Mar 19 15:58:01 2025: SESSION_MGR: creating session with session uuid: 'aaee9f27-34a6-4cfe-8dbf-affb387751e7' and name 'SystemDebugger_vitis_Opt1Baseline_system_vitis_Opt1Baseline'
Wed Mar 19 15:58:03 2025: SESSION_MGR: closing session for UUID 'aaee9f27-34a6-4cfe-8dbf-affb387751e7' with name 'SystemDebugger_vitis_Opt1Baseline_system_vitis_Opt1Baseline'
Wed Mar 19 15:59:29 2025: SESSION_MGR: creating session with session uuid: 'e08670dc-76ee-40e7-8167-8430b9488e33' and name 'SystemDebugger_vitis_Opt1Baseline_system_vitis_Opt1Baseline'
Wed Mar 19 15:59:31 2025: SESSION_MGR: closing session for UUID 'e08670dc-76ee-40e7-8167-8430b9488e33' with name 'SystemDebugger_vitis_Opt1Baseline_system_vitis_Opt1Baseline'
Wed Mar 19 16:04:54 2025: SESSION_MGR: creating session with session uuid: 'a3bc3ba8-8ad8-4dc3-923d-31a3ef942582' and name 'SystemDebugger_vitis_Opt1Baseline_system_vitis_Opt1Baseline'
Wed Mar 19 16:04:55 2025: SESSION_MGR: closing session for UUID 'a3bc3ba8-8ad8-4dc3-923d-31a3ef942582' with name 'SystemDebugger_vitis_Opt1Baseline_system_vitis_Opt1Baseline'
Wed Mar 19 16:05:08 2025: SESSION_MGR: creating session with session uuid: 'd659e212-50b0-40f9-94c9-bf518e440bf6' and name 'Emulation-HW'
Wed Mar 19 16:05:11 2025: SESSION_MGR: closing session for UUID 'd659e212-50b0-40f9-94c9-bf518e440bf6' with name 'Emulation-HW'
Wed Mar 19 16:08:43 2025: SESSION_MGR: creating session with session uuid: '54366ac8-2947-4bb7-ad1e-9ded430bb0ef' and name 'Emulation-HW'
Wed Mar 19 16:08:43 2025: SESSION_MGR: closing session for UUID '54366ac8-2947-4bb7-ad1e-9ded430bb0ef' with name 'Emulation-HW'
Wed Mar 19 16:09:12 2025: SESSION_MGR: creating session with session uuid: 'd74f19bc-6305-4c64-9d49-aae2188e7adc' and name 'Emulation-HW'
Wed Mar 19 16:10:20 2025: SESSION_MGR: closing session for UUID 'd74f19bc-6305-4c64-9d49-aae2188e7adc' with name 'Emulation-HW'
Wed Mar 19 16:10:25 2025: SESSION_MGR: creating session with session uuid: 'd063ecb9-f5db-49cd-9d91-f5df81bfaf1e' and name 'Emulation-HW'
Wed Mar 19 16:10:26 2025: SESSION_MGR: closing session for UUID 'd063ecb9-f5db-49cd-9d91-f5df81bfaf1e' with name 'Emulation-HW'
Wed Mar 19 16:10:27 2025: SESSION_MGR: creating session with session uuid: 'e2254562-482c-4b7e-a1e3-78c3135782a0' and name 'Emulation-HW'
Wed Mar 19 16:16:12 2025: SESSION_MGR: closing session for UUID 'e2254562-482c-4b7e-a1e3-78c3135782a0' with name 'Emulation-HW'
Wed Mar 19 16:16:27 2025: SESSION_MGR: creating session with session uuid: 'ea7610c6-6950-4471-b969-39ea30491f91' and name 'Emulation-HW'
Wed Mar 19 16:16:27 2025: SESSION_MGR: closing session for UUID 'ea7610c6-6950-4471-b969-39ea30491f91' with name 'Emulation-HW'
Wed Mar 19 16:16:39 2025: SESSION_MGR: creating session with session uuid: '50f76f74-346f-4d58-b421-fd83ac0188cb' and name 'Emulation-HW'
Wed Mar 19 16:16:39 2025: SESSION_MGR: closing session for UUID '50f76f74-346f-4d58-b421-fd83ac0188cb' with name 'Emulation-HW'
Wed Mar 19 16:16:39 2025: SESSION_MGR: creating session with session uuid: '2ffb8167-7743-41e0-b1e2-d31ee68add50' and name 'Emulation-HW'
Wed Mar 19 16:16:40 2025: SESSION_MGR: closing session for UUID '2ffb8167-7743-41e0-b1e2-d31ee68add50' with name 'Emulation-HW'
Wed Mar 19 16:16:40 2025: SESSION_MGR: creating session with session uuid: '83dad560-ac08-4db9-a8b3-8f4e7be5eff9' and name 'Emulation-HW'
Wed Mar 19 16:16:40 2025: SESSION_MGR: closing session for UUID '83dad560-ac08-4db9-a8b3-8f4e7be5eff9' with name 'Emulation-HW'
Wed Mar 19 16:17:08 2025: SESSION_MGR: creating session with session uuid: '2536207a-0c3a-48dd-ab4d-b08bda01e36f' and name 'SystemDebugger_vitis_Opt1Baseline_system_vitis_Opt1Baseline'
Wed Mar 19 16:18:47 2025: SESSION_MGR: closing session for UUID '2536207a-0c3a-48dd-ab4d-b08bda01e36f' with name 'SystemDebugger_vitis_Opt1Baseline_system_vitis_Opt1Baseline'
Wed Mar 19 16:24:29 2025: SESSION_MGR: creating session with session uuid: '8145f643-a0dc-4dee-b13e-0a93f0fe616e' and name 'Hardware'
Wed Mar 19 16:25:20 2025: SESSION_MGR: closing session for UUID '8145f643-a0dc-4dee-b13e-0a93f0fe616e' with name 'Hardware'
Wed Mar 19 16:25:56 2025: SESSION_MGR: creating session with session uuid: '6b70b1fc-28f0-4784-9392-f5fc03ea1527' and name 'Hardware'
Wed Mar 19 16:25:56 2025: SESSION_MGR: closing session for UUID '6b70b1fc-28f0-4784-9392-f5fc03ea1527' with name 'Hardware'
Wed Mar 19 16:25:56 2025: SESSION_MGR: creating session with session uuid: 'fcc532cb-1a97-4668-99da-e4956374ba78' and name 'Hardware'
